// Jest Snapshot v1, https://goo.gl/fbAQLP

exports[`Mission component test Testing Mission page rendering 1`] = `null`;

exports[`Navigation component test Testing Mission page rendering 1`] = `null`;

exports[`Navigation component test Testing Navigation page rendering 1`] = `null`;

exports[`Navigation component test Testing Navigation rendering 1`] = `null`;

exports[`Navigation component test Testing Navigationrendering 1`] = `null`;
